// Jest Snapshot v1, https://goo.gl/fbAQLP

exports[`renders correctly 1`] = `
<View>
  <Text
    accessible={true}
    allowFontScaling={true}
    ellipsizeMode="tail"
    style={
      Object {
        "color": "#4F97FF",
        "fontSize": 30,
        "fontWeight": "bold",
        "marginBottom": 50,
      }
    }
  >
    Technical info
  </Text>
  <Text
    accessible={true}
    allowFontScaling={true}
    ellipsizeMode="tail"
  />
  <View
    style={
      Object {
        "marginBottom": 20,
      }
    }
  >
    <Text
      accessible={true}
      allowFontScaling={true}
      ellipsizeMode="tail"
      style={
        Array [
          undefined,
          Object {
            "color": "#555555",
          },
        ]
      }
    >
      Bookit API
    </Text>
    <Text
      accessible={true}
      allowFontScaling={true}
      ellipsizeMode="tail"
      style={
        Array [
          undefined,
          Object {
            "fontFamily": "space-mono",
          },
        ]
      }
    >
      https://staging-bookit-api.buildit.tools/v1/
    </Text>
  </View>
  <View
    style={
      Object {
        "marginBottom": 20,
      }
    }
  >
    <Text
      accessible={true}
      allowFontScaling={true}
      ellipsizeMode="tail"
      style={
        Array [
          undefined,
          Object {
            "color": "#555555",
          },
        ]
      }
    >
      Nonce
    </Text>
    <Text
      accessible={true}
      allowFontScaling={true}
      ellipsizeMode="tail"
      style={
        Array [
          undefined,
          Object {
            "fontFamily": "space-mono",
          },
        ]
      }
    >
      Nonce has not been set.
    </Text>
  </View>
  <View
    style={
      Object {
        "marginBottom": 20,
      }
    }
  >
    <Text
      accessible={true}
      allowFontScaling={true}
      ellipsizeMode="tail"
      style={
        Array [
          undefined,
          Object {
            "color": "#555555",
          },
        ]
      }
    >
      Session ID
    </Text>
    <Text
      accessible={true}
      allowFontScaling={true}
      ellipsizeMode="tail"
      style={
        Array [
          undefined,
          Object {
            "fontFamily": "space-mono",
          },
        ]
      }
    />
  </View>
  <View
    style={
      Object {
        "alignItems": "center",
        "marginTop": 50,
        "padding": 20,
      }
    }
  >
    <View
      accessibilityComponentType={undefined}
      accessibilityLabel={undefined}
      accessibilityTraits={undefined}
      accessible={true}
      hasTVPreferredFocus={undefined}
      hitSlop={undefined}
      isTVSelectable={true}
      nativeID={undefined}
      onLayout={undefined}
      onResponderGrant={[Function]}
      onResponderMove={[Function]}
      onResponderRelease={[Function]}
      onResponderTerminate={[Function]}
      onResponderTerminationRequest={[Function]}
      onStartShouldSetResponder={[Function]}
      style={
        Array [
          Object {
            "backgroundColor": "transparent",
          },
          undefined,
        ]
      }
      testID={undefined}
      tvParallaxProperties={undefined}
    >
      <Text
        accessible={true}
        allowFontScaling={true}
        ellipsizeMode="tail"
        style={
          Object {
            "color": "#4F97FF",
            "fontSize": 24,
          }
        }
      >
        Okay
      </Text>
    </View>
  </View>
</View>
`;
